// Jest Snapshot v1, https://goo.gl/fbAQLP

exports["Search input should render correctly 1"] = `
<div>
  <input
    onChange={[Function]}
    placeholder="search..."
    value=""
  />
</div>
`;
